<html>
<body>
<pre>
<h1>µVision Build Log</h1>
<h2>Tool Versions:</h2>
IDE-Version: µVision V5.28.0.0
Copyright (C) 2019 ARM Ltd and ARM Germany GmbH. All rights reserved.
License Information: sy le, sony, LIC=----
 
Tool Versions:
Toolchain:       MDK-Lite  Version: 5.28.0.0
Toolchain Path:  C:\Keil_v5\ARM\ARMCC\Bin
C Compiler:      Armcc.exe V5.06 update 6 (build 750)
Assembler:       Armasm.exe V5.06 update 6 (build 750)
Linker/Locator:  ArmLink.exe V5.06 update 6 (build 750)
Library Manager: ArmAr.exe V5.06 update 6 (build 750)
Hex Converter:   FromElf.exe V5.06 update 6 (build 750)
CPU DLL:         SARMCM3.DLL V5.28.0.0
Dialog DLL:      DCM.DLL V1.17.3.0
Target DLL:      STLink\ST-LINKIII-KEIL_SWO.dll V3.0.6.0
Dialog DLL:      TCM.DLL V1.36.2.0
 
<h2>Project:</h2>
C:\Users\vtv2h\Downloads\TUT_LCD_I2C_F103_CUBEIDE (1)\TUT_LCD_I2C_F103_CUBEIDE\MDK-ARM\TUT_LCD_I2C_F103_CUBEIDE.uvprojx
Project File Date:  03/20/2022

<h2>Output:</h2>
*** Using Compiler 'V5.06 update 6 (build 750)', folder: 'C:\Keil_v5\ARM\ARMCC\Bin'
Build target 'TUT_LCD_I2C_F103_CUBEIDE'
assembling startup_stm32f103xb.s...
compiling stm32f1xx_it.c...
compiling i2c-lcd.c...
compiling stm32f1xx_hal_gpio_ex.c...
compiling main.c...
../Core/Src/main.c(75): warning:  #1295-D: Deprecated declaration GetNewCode1 - give arg types
  void GetNewCode1();
../Core/Src/main.c(76): warning:  #1295-D: Deprecated declaration ChangeCode - give arg types
  void ChangeCode();
../Core/Src/main.c(77): warning:  #1295-D: Deprecated declaration GetNewCode2 - give arg types
  void GetNewCode2();
../Core/Src/main.c(78): warning:  #1295-D: Deprecated declaration GetCode - give arg types
  void GetCode();
../Core/Src/main.c(325): warning:  #940-D: missing return statement at end of non-void function "read_keypad" 
  }
../Core/Src/main.c(463): warning:  #177-D: variable "index_"  was declared but never referenced
  	int index_ = 0;
../Core/Src/main.c: 6 warnings, 0 errors
compiling stm32f1xx_hal_msp.c...
compiling stm32f1xx_hal.c...
compiling stm32f1xx_hal_i2c.c...
compiling stm32f1xx_hal_gpio.c...
compiling stm32f1xx_hal_rcc_ex.c...
compiling stm32f1xx_hal_cortex.c...
compiling stm32f1xx_hal_pwr.c...
compiling stm32f1xx_hal_dma.c...
compiling stm32f1xx_hal_rcc.c...
compiling stm32f1xx_hal_flash.c...
compiling stm32f1xx_hal_tim_ex.c...
compiling system_stm32f1xx.c...
compiling stm32f1xx_hal_tim.c...
compiling stm32f1xx_hal_exti.c...
compiling stm32f1xx_hal_flash_ex.c...
linking...
Program Size: Code=6224 RO-data=292 RW-data=44 ZI-data=1740  
FromELF: creating hex file...
"TUT_LCD_I2C_F103_CUBEIDE\TUT_LCD_I2C_F103_CUBEIDE.axf" - 0 Error(s), 6 Warning(s).

<h2>Software Packages used:</h2>

Package Vendor: ARM
                http://www.keil.com/pack/ARM.CMSIS.5.7.0.pack
                ARM.CMSIS.5.7.0
                CMSIS (Cortex Microcontroller Software Interface Standard)
   * Component: CORE Version: 5.4.0

Package Vendor: Keil
                http://www.keil.com/pack/Keil.STM32F1xx_DFP.2.3.0.pack
                Keil.STM32F1xx_DFP.2.3.0
                STMicroelectronics STM32F1 Series Device Support, Drivers and Examples

<h2>Collection of Component include folders:</h2>
  .\RTE\_TUT_LCD_I2C_F103_CUBEIDE
  C:\Users\vtv2h\AppData\Local\Arm\Packs\ARM\CMSIS\5.7.0\CMSIS\Core\Include
  C:\Users\vtv2h\AppData\Local\Arm\Packs\Keil\STM32F1xx_DFP\2.3.0\Device\Include

<h2>Collection of Component Files used:</h2>

   * Component: ARM::CMSIS:CORE:5.4.0
      Include file:  CMSIS\Core\Include\tz_context.h
Build Time Elapsed:  00:00:19
</pre>
</body>
</html>
